// Jest Snapshot v1, https://goo.gl/fbAQLP

exports[`TouchableHighlight renders correctly 1`] = `
<View
  acceptsKeyboardFocus={true}
  accessible={true}
<<<<<<< HEAD
  enableFocusRing={true}
  focusable={false}
  isTVSelectable={true}
=======
  focusable={false}
>>>>>>> fb/0.62-stable
  onClick={[Function]}
  onResponderGrant={[Function]}
  onResponderMove={[Function]}
  onResponderRelease={[Function]}
  onResponderTerminate={[Function]}
  onResponderTerminationRequest={[Function]}
  onStartShouldSetResponder={[Function]}
  style={Object {}}
>
  <Text>
    Touchable
  </Text>
</View>
`;
